// Jest Snapshot v1, https://goo.gl/fbAQLP

exports[`finalMessage should render a yarn setup message to the console 1`] = `
"Your Twilio Flex Plugin project has been successfully created!


[1m[32mSetup:[39m[22m
$ cd plugin-final-message/
$ yarn install

[1m[32mDevelopment:[39m[22m
$ cd plugin-final-message/
$ twilio flex:plugins:start

[1m[32mBuild Command:[39m[22m
$ cd plugin-final-message/
$ twilio flex:plugins:build

[1m[32mDeploy Command:[39m[22m
$ cd plugin-final-message/
$ twilio flex:plugins:deploy

For more info check the README.md file or go to:
âž¡ https://www.twilio.com/docs/flex"
`;

exports[`finalMessage should render an instruction message skipping the setup step 1`] = `
"Your Twilio Flex Plugin project has been successfully created!


[1m[32mDevelopment:[39m[22m
$ cd plugin-final-message/
$ twilio flex:plugins:start

[1m[32mBuild Command:[39m[22m
$ cd plugin-final-message/
$ twilio flex:plugins:build

[1m[32mDeploy Command:[39m[22m
$ cd plugin-final-message/
$ twilio flex:plugins:deploy

For more info check the README.md file or go to:
âž¡ https://www.twilio.com/docs/flex"
`;

exports[`finalMessage should render an npm setup message to the console 1`] = `
"Your Twilio Flex Plugin project has been successfully created!


[1m[32mSetup:[39m[22m
$ cd plugin-final-message/
$ npm install

[1m[32mDevelopment:[39m[22m
$ cd plugin-final-message/
$ twilio flex:plugins:start

[1m[32mBuild Command:[39m[22m
$ cd plugin-final-message/
$ twilio flex:plugins:build

[1m[32mDeploy Command:[39m[22m
$ cd plugin-final-message/
$ twilio flex:plugins:deploy

For more info check the README.md file or go to:
âž¡ https://www.twilio.com/docs/flex"
`;
